                                 Started job on |	Apr 11 00:31:47
                             Started mapping on |	Apr 11 00:31:49
                                    Finished on |	Apr 11 00:32:36
       Mapping speed, Million of reads per hour |	14.81

                          Number of input reads |	193329
                      Average input read length |	28
                                    UNIQUE READS:
                   Uniquely mapped reads number |	5582
                        Uniquely mapped reads % |	2.89%
                          Average mapped length |	27.48
                       Number of splices: Total |	0
            Number of splices: Annotated (sjdb) |	0
                       Number of splices: GT/AG |	0
                       Number of splices: GC/AG |	0
                       Number of splices: AT/AC |	0
               Number of splices: Non-canonical |	0
                      Mismatch rate per base, % |	1.87%
                         Deletion rate per base |	0.00%
                        Deletion average length |	1.00
                        Insertion rate per base |	0.02%
                       Insertion average length |	1.00
                             MULTI-MAPPING READS:
        Number of reads mapped to multiple loci |	8143
             % of reads mapped to multiple loci |	4.21%
        Number of reads mapped to too many loci |	2230
             % of reads mapped to too many loci |	1.15%
                                  UNMAPPED READS:
  Number of reads unmapped: too many mismatches |	0
       % of reads unmapped: too many mismatches |	0.00%
            Number of reads unmapped: too short |	130680
                 % of reads unmapped: too short |	67.59%
                Number of reads unmapped: other |	46694
                     % of reads unmapped: other |	24.15%
                                  CHIMERIC READS:
                       Number of chimeric reads |	0
                            % of chimeric reads |	0.00%
